escaped : &lt;&quot;\&#39;&amp;&gt;
unescaped : <"\'&>
