-------------------
{k1&#61;100, k2&#61;abc}
-------------------
